<html>
<body>
<pre>
<h1>µVision Build Log</h1>
<h2>Tool Versions:</h2>
IDE-Version: µVision V5.22.0.0
Copyright (C) 2016 ARM Ltd and ARM Germany GmbH. All rights reserved.
License Information: Bob Hoskins, Bob, LIC=----
 
Tool Versions:
Toolchain:       MDK-Lite  Version: 5.22
Toolchain Path:  C:\Keil_v5\ARM\ARMCC\Bin
C Compiler:      Armcc.exe V5.06 update 4 (build 422)
Assembler:       Armasm.exe V5.06 update 4 (build 422)
Linker/Locator:  ArmLink.exe V5.06 update 4 (build 422)
Library Manager: ArmAr.exe V5.06 update 4 (build 422)
Hex Converter:   FromElf.exe V5.06 update 4 (build 422)
CPU DLL:         SARMCM3.DLL V5.22
Dialog DLL:      DARMCM1.DLL V1.15.0.0
Target DLL:      STLink\ST-LINKIII-KEIL_SWO.dll V2.0.18.0
Dialog DLL:      TARMCM1.DLL V1.11.0.0
 
<h2>Project:</h2>
C:\Users\Vidal\Documents\GitHub\E011-BWHOOP-H8-Silverware\Silverware\silverware.uvprojx
Project File Date:  03/14/2018

<h2>Output:</h2>
*** Using Compiler 'V5.06 update 4 (build 422)', folder: 'C:\Keil_v5\ARM\ARMCC\Bin'
Build target 'BWhoop'
compiling control.c...
compiling gestures.c...
compiling buzzer.c...
compiling main.c...
compiling gesture_detect.c...
compiling rx_bayang_protocol_ble.c...
compiling rx_bayang_protocol.c...
compiling rx_bayang_protocol_telemetry.c...
compiling rx_cg023_protocol.c...
compiling rx_nrf24_bayang_telemetry.c...
compiling rx_h7_protocol.c...
compiling rx_cx10blue_protocol.c...
compiling rx_sbus.c...
compiling led.c...
compiling rgb_led.c...
compiling sixaxis.c...
compiling motorcurve.c...
compiling stickvector.c...
compiling flip_sequencer.c...
compiling imu.c...
compiling angle_pid.c...
compiling filter.cpp...
compiling pid.c...
compiling serial_4way_stk500v2.c...
compiling drv_softserial.c...
compiling serial_4way.c...
compiling serial_4way_avrootloader.c...
compiling drv_clk.c...
compiling drv_adc.c...
compiling drv_gpio.c...
compiling drv_pwm.c...
compiling drv_i2c.c...
compiling drv_esc.c...
compiling drv_serial.c...
compiling drv_dshot.c...
compiling drv_softi2c.c...
compiling drv_spi_3wire.c...
compiling drv_spi.c...
compiling drv_spi_none.c...
compiling drv_hw_i2c.c...
compiling drv_time.c...
compiling drv_rgb.c...
linking...
Program Size: Code=16614 RO-data=310 RW-data=540 ZI-data=2116  
FromELF: creating hex file...
".\Objects\bwhoop.axf" - 0 Error(s), 0 Warning(s).

<h2>Collection of Component include folders:</h2>
  C:\Users\Vidal\Documents\GitHub\E011-BWHOOP-H8-Silverware\Silverware\RTE\_BWhoop
  C:\Keil_v5\ARM\PACK\Keil\STM32F0xx_DFP\1.5.0\Device\Include

<h2>Collection of Component Files used:</h2>
Build Time Elapsed:  00:00:33
</pre>
</body>
</html>
