Component: ARM Compiler 5.06 update 4 (build 422) Tool: armlink [4d35d2]

==============================================================================

Section Cross References

    control.o(i.clip_ff) refers to fadd.o(.text) for __aeabi_fsub
    control.o(i.clip_ff) refers to control.o(.bss) for .bss
    control.o(i.control) refers to fmul.o(.text) for __aeabi_fmul
    control.o(i.control) refers to util.o(i.mapf) for mapf
    control.o(i.control) refers to pid.o(i.pid_precalc) for pid_precalc
    control.o(i.control) refers to fadd.o(.text) for __aeabi_fsub
    control.o(i.control) refers to pid.o(i.pid) for pid
    control.o(i.control) refers to drv_time.o(i.gettime) for gettime
    control.o(i.control) refers to drv_dshot.o(i.pwm_set) for pwm_set
    control.o(i.control) refers to util.o(i.lpf) for lpf
    control.o(i.control) refers to control.o(i.motorlpf) for motorlpf
    control.o(i.control) refers to cfrcmple.o(.text) for __aeabi_cfrcmple
    control.o(i.control) refers to cfcmple.o(.text) for __aeabi_cfcmple
    control.o(i.control) refers to motorcurve.o(i.motormap) for motormap
    control.o(i.control) refers to fscalb.o(.text) for __ARM_scalbnf
    control.o(i.control) refers to stickvector.o(i.stick_vector) for stick_vector
    control.o(i.control) refers to fdiv.o(.text) for __aeabi_fdiv
    control.o(i.control) refers to main.o(.bss) for aux
    control.o(i.control) refers to main.o(.bss) for rx
    control.o(i.control) refers to control.o(.bss) for .bss
    control.o(i.control) refers to flip_sequencer.o(.data) for acro_override
    control.o(i.control) refers to sixaxis.o(.bss) for gyro
    control.o(i.control) refers to rx_bayang_protocol_telemetry.o(.data) for failsafe
    control.o(i.control) refers to control.o(.data) for .data
    control.o(i.control) refers to flip_sequencer.o(.bss) for rx_override
    control.o(i.control) refers to pid.o(.bss) for pidoutput
    control.o(i.control) refers to imu.o(.data) for GEstG
    control.o(i.control) refers to imu.o(.bss) for attitude
    control.o(i.control) refers to angle_pid.o(i.apid) for apid
    control.o(i.control) refers to stickvector.o(.bss) for errorvect
    control.o(i.control) refers to angle_pid.o(.data) for angleerror
    control.o(i.motor_kalman) refers to fadd.o(.text) for __aeabi_fadd
    control.o(i.motor_kalman) refers to fdiv.o(.text) for __aeabi_fdiv
    control.o(i.motor_kalman) refers to fmul.o(.text) for __aeabi_fmul
    control.o(i.motor_kalman) refers to control.o(.bss) for .bss
    control.o(i.motor_kalman) refers to control.o(.data) for .data
    control.o(i.motord) refers to fscalb.o(.text) for __ARM_scalbnf
    control.o(i.motord) refers to fadd.o(.text) for __aeabi_fadd
    control.o(i.motord) refers to fmul.o(.text) for __aeabi_fmul
    control.o(i.motord) refers to control.o(.bss) for .bss
    control.o(i.motorfilter) refers to fscalb.o(.text) for __ARM_scalbnf
    control.o(i.motorfilter) refers to fadd.o(.text) for __aeabi_fadd
    control.o(i.motorfilter) refers to control.o(.bss) for .bss
    control.o(i.motorlpf) refers to util.o(i.lpf) for lpf
    control.o(i.motorlpf) refers to control.o(.bss) for .bss
    main.o(i.BusFault_Handler) refers to main.o(i.failloop) for failloop
    main.o(i.EXTI4_15_IRQHandler) refers to drv_time.o(i.gettime) for gettime
    main.o(i.EXTI4_15_IRQHandler) refers to main.o(.data) for .data
    main.o(i.HardFault_Handler) refers to main.o(i.failloop) for failloop
    main.o(i.MemManage_Handler) refers to main.o(i.failloop) for failloop
    main.o(i.UsageFault_Handler) refers to main.o(i.failloop) for failloop
    main.o(i.failloop) refers to drv_dshot.o(i.pwm_set) for pwm_set
    main.o(i.failloop) refers to led.o(i.ledon) for ledon
    main.o(i.failloop) refers to drv_time.o(i.delay) for delay
    main.o(i.failloop) refers to led.o(i.ledoff) for ledoff
    main.o(i.main) refers to drv_time.o(i.delay) for delay
    main.o(i.main) refers to drv_gpio.o(i.gpio_init) for gpio_init
    main.o(i.main) refers to drv_spi_3wire.o(i.spi_init) for spi_init
    main.o(i.main) refers to drv_time.o(i.time_init) for time_init
    main.o(i.main) refers to drv_i2c.o(i.i2c_init) for i2c_init
    main.o(i.main) refers to drv_dshot.o(i.pwm_init) for pwm_init
    main.o(i.main) refers to drv_dshot.o(i.pwm_set) for pwm_set
    main.o(i.main) refers to sixaxis.o(i.sixaxis_init) for sixaxis_init
    main.o(i.main) refers to sixaxis.o(i.sixaxis_check) for sixaxis_check
    main.o(i.main) refers to drv_adc.o(i.adc_init) for adc_init
    main.o(i.main) refers to flash.o(i.flash_hard_coded_pid_identifier) for flash_hard_coded_pid_identifier
    main.o(i.main) refers to flash.o(i.flash_load) for flash_load
    main.o(i.main) refers to rx_bayang_protocol_telemetry.o(i.rx_init) for rx_init
    main.o(i.main) refers to drv_adc.o(i.adc_read) for adc_read
    main.o(i.main) refers to fadd.o(.text) for __aeabi_fadd
    main.o(i.main) refers to fscalb.o(.text) for __ARM_scalbnf
[...]
    i.SysTick_Handler                        0x08000f6c   Section        0  drv_time.o(i.SysTick_Handler)
    i.SystemInit                             0x08000f70   Section        0  system_stm32f0xx.o(i.SystemInit)
    i.WriteByteCrc                           0x08000fd0   Section        0  serial_4way.o(i.WriteByteCrc)
    WriteByteCrc                             0x08000fd1   Thumb Code    32  serial_4way.o(i.WriteByteCrc)
    i._ZN13filter_kalmanC1Ev                 0x08000ff4   Section        0  filter.o(i._ZN13filter_kalmanC1Ev)
    i.__ARM_clz                              0x0800100c   Section        0  depilogue.o(i.__ARM_clz)
    i.__ARM_common_switch8                   0x0800103a   Section        0  flip_sequencer.o(i.__ARM_common_switch8)
    i.__aeabi_vec_ctor_nocookie_nodtor       0x08001054   Section        0  aeabi_vec_ctor_nocookie_nodtor.o(i.__aeabi_vec_ctor_nocookie_nodtor)
    i.__scatterload_copy                     0x08001076   Section       14  handlers.o(i.__scatterload_copy)
    i.__scatterload_null                     0x08001084   Section        2  handlers.o(i.__scatterload_null)
    i.__scatterload_zeroinit                 0x08001086   Section       14  handlers.o(i.__scatterload_zeroinit)
    i.__sti___10_filter_cpp_filter           0x08001094   Section        0  filter.o(i.__sti___10_filter_cpp_filter)
    __sti___10_filter_cpp_filter             0x08001095   Thumb Code    22  filter.o(i.__sti___10_filter_cpp_filter)
    i._crc_xmodem_update                     0x080010b8   Section        0  serial_4way.o(i._crc_xmodem_update)
    i._readbyte                              0x080010dc   Section        0  drv_softi2c.o(i._readbyte)
    i._readsda                               0x08001140   Section        0  drv_softi2c.o(i._readsda)
    i._restart                               0x08001150   Section        0  drv_softi2c.o(i._restart)
    i._sendbyte                              0x0800116c   Section        0  drv_softi2c.o(i._sendbyte)
    i._sendstart                             0x080011b4   Section        0  drv_softi2c.o(i._sendstart)
    i._sendstop                              0x080011d8   Section        0  drv_softi2c.o(i._sendstop)
    i.acc_cal                                0x08001200   Section        0  sixaxis.o(i.acc_cal)
    i.adc_init                               0x08001264   Section        0  drv_adc.o(i.adc_init)
    i.adc_read                               0x08001350   Section        0  drv_adc.o(i.adc_read)
    i.apid                                   0x08001388   Section        0  angle_pid.o(i.apid)
    i.atan2approx                            0x080013e8   Section        0  imu.o(i.atan2approx)
    i.beacon_sequence                        0x080014b8   Section        0  rx_bayang_protocol_telemetry.o(i.beacon_sequence)
    i.bitbang_data                           0x08001524   Section        0  drv_dshot.o(i.bitbang_data)
    i.calcmagnitude                          0x08001608   Section        0  imu.o(i.calcmagnitude)
    i.change_pid_value                       0x0800163c   Section        0  pid.o(i.change_pid_value)
    i.check_command                          0x080016a4   Section        0  gesture_detect.o(i.check_command)
    i.checkrx                                0x080016c8   Section        0  rx_bayang_protocol_telemetry.o(i.checkrx)
    i.control                                0x080018a4   Section        0  control.o(i.control)
    i.decodepacket                           0x08001dfc   Section        0  rx_bayang_protocol_telemetry.o(i.decodepacket)
    decodepacket                             0x08001dfd   Thumb Code   194  rx_bayang_protocol_telemetry.o(i.decodepacket)
    i.decrease_pid                           0x08001ed8   Section        0  pid.o(i.decrease_pid)
    i.delay                                  0x08001ee2   Section        0  drv_time.o(i.delay)
    i.esc4wayInit                            0x08001ef8   Section        0  serial_4way.o(i.esc4wayInit)
    i.esc4wayProcess                         0x08001fc8   Section        0  serial_4way.o(i.esc4wayProcess)
    i.esc4wayRelease                         0x08002290   Section        0  serial_4way.o(i.esc4wayRelease)
    i.failloop                               0x080022b8   Section        0  main.o(i.failloop)
    i.fastcos                                0x080022fc   Section        0  util.o(i.fastcos)
    i.fastsin                                0x08002310   Section        0  util.o(i.fastsin)
    i.flash_get_hard_coded_pid_identifier    0x08002378   Section        0  flash.o(i.flash_get_hard_coded_pid_identifier)
    i.flash_hard_coded_pid_identifier        0x080023cc   Section        0  flash.o(i.flash_hard_coded_pid_identifier)
    i.flash_load                             0x080023dc   Section        0  flash.o(i.flash_load)
    i.flash_save                             0x080024e8   Section        0  flash.o(i.flash_save)
    i.fmc_erase                              0x080025c0   Section        0  drv_fmc1.o(i.fmc_erase)
    i.fmc_lock                               0x080025dc   Section        0  drv_fmc1.o(i.fmc_lock)
    i.fmc_read                               0x080025e4   Section        0  drv_fmc1.o(i.fmc_read)
    i.fmc_read_float                         0x080025f4   Section        0  drv_fmc1.o(i.fmc_read_float)
    i.fmc_unlock                             0x080025fc   Section        0  drv_fmc1.o(i.fmc_unlock)
    i.fmc_write_float                        0x08002604   Section        0  drv_fmc1.o(i.fmc_write_float)
    i.gesture_sequence                       0x0800260c   Section        0  gesture_detect.o(i.gesture_sequence)
    i.gestures                               0x080026d4   Section        0  gestures.o(i.gestures)
    i.gestures2                              0x0800279c   Section        0  gesture_detect.o(i.gestures2)
    i.gettime                                0x080028a0   Section        0  drv_time.o(i.gettime)
    i.gpio_init                              0x080028a8   Section        0  drv_gpio.o(i.gpio_init)
    i.gyro_cal                               0x080028d4   Section        0  sixaxis.o(i.gyro_cal)
    i.i2c_init                               0x08002a70   Section        0  drv_i2c.o(i.i2c_init)
    i.i2c_readdata                           0x08002a78   Section        0  drv_i2c.o(i.i2c_readdata)
    i.i2c_readreg                            0x08002a8a   Section        0  drv_i2c.o(i.i2c_readreg)
    i.i2c_writereg                           0x08002a96   Section        0  drv_i2c.o(i.i2c_writereg)
    i.imu_calc                               0x08002aa4   Section        0  imu.o(i.imu_calc)
    i.imu_init                               0x08002bec   Section        0  imu.o(i.imu_init)
    i.increase_pid                           0x08002c34   Section        0  pid.o(i.increase_pid)
    i.isMcuConnected                         0x08002c40   Section        0  serial_4way.o(i.isMcuConnected)
    i.led_pwm                                0x08002c50   Section        0  led.o(i.led_pwm)
    i.ledflash                               0x08002cd0   Section        0  led.o(i.ledflash)
    i.ledoff                                 0x08002cf8   Section        0  led.o(i.ledoff)
    i.ledon                                  0x08002d0c   Section        0  led.o(i.ledon)
    i.limitf                                 0x08002d20   Section        0  util.o(i.limitf)
    i.lpf                                    0x08002d46   Section        0  util.o(i.lpf)
    i.lpf2                                   0x08002d74   Section        0  pid.o(i.lpf2)
    i.lpfcalc                                0x08002dc0   Section        0  util.o(i.lpfcalc)
    i.lpfcalc_hz                             0x08002de4   Section        0  util.o(i.lpfcalc_hz)
    i.lpffilter                              0x08002e08   Section        0  filter.o(i.lpffilter)
    i.main                                   0x08002e68   Section        0  main.o(i.main)
    i.make_packet                            0x0800325c   Section        0  drv_dshot.o(i.make_packet)
    i.mapf                                   0x080032c8   Section        0  util.o(i.mapf)
    i.mosi_input                             0x08003304   Section        0  drv_spi_3wire.o(i.mosi_input)
    i.motorlpf                               0x08003324   Section        0  control.o(i.motorlpf)
    i.motormap                               0x08003344   Section        0  motorcurve.o(i.motormap)
    i.next_pid_axis                          0x08003348   Section        0  pid.o(i.next_pid_axis)
    i.next_pid_term                          0x08003364   Section        0  pid.o(i.next_pid_term)
    i.nextchannel                            0x0800339c   Section        0  rx_bayang_protocol_telemetry.o(i.nextchannel)
    i.packettodata                           0x080033bc   Section        0  rx_bayang_protocol_telemetry.o(i.packettodata)
    i.pid                                    0x080033dc   Section        0  pid.o(i.pid)
    i.pid_precalc                            0x0800354c   Section        0  pid.o(i.pid_precalc)
    i.pwm_init                               0x0800356c   Section        0  drv_dshot.o(i.pwm_init)
    i.pwm_set                                0x080035cc   Section        0  drv_dshot.o(i.pwm_set)
    i.rgb_init                               0x08003690   Section        0  drv_rgb.o(i.rgb_init)
    i.rx_init                                0x08003694   Section        0  rx_bayang_protocol_telemetry.o(i.rx_init)
    i.sclhigh                                0x08003798   Section        0  drv_softi2c.o(i.sclhigh)
    i.sclhighlow                             0x080037b0   Section        0  drv_softi2c.o(i.sclhighlow)
    i.scllow                                 0x080037d0   Section        0  drv_softi2c.o(i.scllow)
    i.sdahigh                                0x080037e8   Section        0  drv_softi2c.o(i.sdahigh)
    i.sdalow                                 0x0800380c   Section        0  drv_softi2c.o(i.sdalow)
    i.send_telemetry                         0x08003830   Section        0  rx_bayang_protocol_telemetry.o(i.send_telemetry)
    i.setoutput                              0x080038e4   Section        0  drv_softi2c.o(i.setoutput)
    i.setup_4way_external_interrupt          0x08003900   Section        0  main.o(i.setup_4way_external_interrupt)
    setup_4way_external_interrupt            0x08003901   Thumb Code    44  main.o(i.setup_4way_external_interrupt)
    i.sixaxis_check                          0x08003938   Section        0  sixaxis.o(i.sixaxis_check)
    i.sixaxis_init                           0x08003958   Section        0  sixaxis.o(i.sixaxis_init)
    i.sixaxis_read                           0x080039b0   Section        0  sixaxis.o(i.sixaxis_read)
    i.softi2c_init                           0x08003aa0   Section        0  drv_softi2c.o(i.softi2c_init)
    i.softi2c_read                           0x08003af4   Section        0  drv_softi2c.o(i.softi2c_read)
    i.softi2c_readdata                       0x08003b26   Section        0  drv_softi2c.o(i.softi2c_readdata)
    i.softi2c_write                          0x08003b74   Section        0  drv_softi2c.o(i.softi2c_write)
    i.softserial_init                        0x08003b9c   Section        0  drv_softserial.o(i.softserial_init)
    i.softserial_init_rx                     0x08003c04   Section        0  drv_softserial.o(i.softserial_init_rx)
    softserial_init_rx                       0x08003c05   Thumb Code    46  drv_softserial.o(i.softserial_init_rx)
    i.softserial_init_tx                     0x08003c32   Section        0  drv_softserial.o(i.softserial_init_tx)
    softserial_init_tx                       0x08003c33   Thumb Code    50  drv_softserial.o(i.softserial_init_tx)
    i.softserial_is_1wire                    0x08003c64   Section        0  drv_softserial.o(i.softserial_is_1wire)
    softserial_is_1wire                      0x08003c65   Thumb Code    24  drv_softserial.o(i.softserial_is_1wire)
    i.softserial_read_byte                   0x08003c7c   Section        0  drv_softserial.o(i.softserial_read_byte)
    i.softserial_read_byte_ex                0x08003c8c   Section        0  drv_softserial.o(i.softserial_read_byte_ex)
    i.softserial_set_input                   0x08003d28   Section        0  drv_softserial.o(i.softserial_set_input)
    i.softserial_set_output                  0x08003d48   Section        0  drv_softserial.o(i.softserial_set_output)
    i.softserial_write_byte                  0x08003d70   Section        0  drv_softserial.o(i.softserial_write_byte)
    i.softserial_write_byte_ex               0x08003d80   Section        0  drv_softserial.o(i.softserial_write_byte_ex)
    i.spi_csoff                              0x08003dde   Section        0  drv_spi_3wire.o(i.spi_csoff)
    i.spi_cson                               0x08003de8   Section        0  drv_spi_3wire.o(i.spi_cson)
    i.spi_init                               0x08003df4   Section        0  drv_spi_3wire.o(i.spi_init)
    i.spi_recvbyte                           0x08003e48   Section        0  drv_spi_3wire.o(i.spi_recvbyte)
    i.spi_sendbyte                           0x08003e70   Section        0  drv_spi_3wire.o(i.spi_sendbyte)
    i.stick_vector                           0x08003ebc   Section        0  stickvector.o(i.stick_vector)
    i.suart_getc_                            0x08003ff8   Section        0  serial_4way_avrootloader.o(i.suart_getc_)
    suart_getc_                              0x08003ff9   Thumb Code    24  serial_4way_avrootloader.o(i.suart_getc_)
    i.suart_putc_                            0x08004018   Section        0  serial_4way_avrootloader.o(i.suart_putc_)
    suart_putc_                              0x08004019   Thumb Code    22  serial_4way_avrootloader.o(i.suart_putc_)
    i.time_init                              0x08004038   Section        0  drv_time.o(i.time_init)
    i.time_update                            0x08004064   Section        0  drv_time.o(i.time_update)
    i.writeregs                              0x080040a4   Section        0  rx_bayang_protocol_telemetry.o(i.writeregs)
    i.writeword                              0x080040c8   Section        0  drv_fmc1.o(i.writeword)
    i.xn_command                             0x080040e8   Section        0  drv_xn297_3wire.o(i.xn_command)
    i.xn_readpayload                         0x080040fe   Section        0  drv_xn297_3wire.o(i.xn_readpayload)
    i.xn_readreg                             0x0800412a   Section        0  drv_xn297_3wire.o(i.xn_readreg)
    i.xn_writepayload                        0x0800414c   Section        0  drv_xn297_3wire.o(i.xn_writepayload)
    i.xn_writereg                            0x08004174   Section        0  drv_xn297_3wire.o(i.xn_writereg)
    .constdata                               0x08004196   Section       56  gesture_detect.o(.constdata)
    .constdata                               0x080041d0   Section       14  rx_bayang_protocol_telemetry.o(.constdata)
    .constdata                               0x080041e0   Section       24  pid.o(.constdata)
    .init_array                              0x08004218   Section        4  filter.o(.init_array)
    .init_array                              0x0800421c   Section        0  cpp_init.o(.init_array)
    .data                                    0x20000000   Section       24  control.o(.data)
    .data                                    0x20000018   Section       60  main.o(.data)
    vbattfilt_corr                           0x2000003c   Data           4  main.o(.data)
    z                                        0x20000040   Data           4  main.o(.data)
    minindex                                 0x20000044   Data           4  main.o(.data)
    firstrun                                 0x20000048   Data           4  main.o(.data)
    .data                                    0x20000054   Section        8  flash.o(.data)
    .data                                    0x2000005c   Section        4  gestures.o(.data)
    .data                                    0x20000060   Section       23  gesture_detect.o(.data)
    gesturetime                              0x2000006c   Data           4  gesture_detect.o(.data)
    .data                                    0x20000078   Section      101  rx_bayang_protocol_telemetry.o(.data)
    demodcal                                 0x20000078   Data           2  rx_bayang_protocol_telemetry.o(.data)
    beacon_seq_state                         0x200000a8   Data           4  rx_bayang_protocol_telemetry.o(.data)
    rxaddr                                   0x200000d1   Data           6  rx_bayang_protocol_telemetry.o(.data)
    rxaddr                                   0x200000d7   Data           6  rx_bayang_protocol_telemetry.o(.data)
    .data                                    0x200000e0   Section        4  rx_bayang_protocol_telemetry.o(.data)
    .data                                    0x200000e4   Section       20  led.o(.data)
    loopcount                                0x200000ec   Data           4  led.o(.data)
    ds_integrator                            0x200000f0   Data           4  led.o(.data)
    .data                                    0x200000f8   Section        4  sixaxis.o(.data)
    brightness                               0x200000f8   Data           4  sixaxis.o(.data)
    .data                                    0x200000fc   Section       20  stickvector.o(.data)
    .data                                    0x20000110   Section       12  imu.o(.data)
    .data                                    0x2000011c   Section       36  flip_sequencer.o(.data)
    .data                                    0x20000140   Section        8  filter.o(.data)
    .data                                    0x20000148   Section       40  angle_pid.o(.data)
    .data                                    0x20000170   Section       76  pid.o(.data)
    two_one_minus_alpha                      0x2000017c   Data           4  pid.o(.data)
    one_minus_alpha_sqr                      0x20000180   Data           4  pid.o(.data)
    alpha_sqr                                0x20000184   Data           4  pid.o(.data)
    .data                                    0x200001bc   Section       12  pid.o(.data)
    .data                                    0x200001c8   Section       11  serial_4way.o(.data)
    escCount                                 0x200001c8   Data           1  serial_4way.o(.data)
    CurrentInterfaceMode                     0x200001ca   Data           1  serial_4way.o(.data)
    CRC_in                                   0x200001cb   Data           2  serial_4way.o(.data)
    CRCout                                   0x200001cd   Data           2  serial_4way.o(.data)
    .data                                    0x200001d3   Section        4  serial_4way_avrootloader.o(.data)
    CRC_16                                   0x200001d3   Data           2  serial_4way_avrootloader.o(.data)
    LastCRC_16                               0x200001d5   Data           2  serial_4way_avrootloader.o(.data)
    .data                                    0x200001d8   Section        8  drv_adc.o(.data)
    .data                                    0x200001e0   Section        4  drv_i2c.o(.data)
    .data                                    0x200001e4   Section       12  drv_dshot.o(.data)
    pwm_failsafe_time                        0x200001e8   Data           4  drv_dshot.o(.data)
    motor_beep_time                          0x200001ec   Data           4  drv_dshot.o(.data)
    .data                                    0x200001f0   Section       20  drv_softi2c.o(.data)
    sdainit                                  0x200001fc   Data           8  drv_softi2c.o(.data)
    .data                                    0x20000204   Section       12  drv_spi_3wire.o(.data)
    .data                                    0x20000210   Section       12  drv_time.o(.data)
    remainder                                0x20000210   Data           4  drv_time.o(.data)
    .bss                                     0x2000021c   Section      188  control.o(.bss)
    lastratexx                               0x2000021c   Data          64  control.o(.bss)
    .bss                                     0x200002d8   Section      208  main.o(.bss)
    lastout                                  0x200002e8   Data          48  main.o(.bss)
    lastin                                   0x20000318   Data          48  main.o(.bss)
    vcomp                                    0x20000348   Data          48  main.o(.bss)
    score                                    0x20000378   Data          48  main.o(.bss)
    .bss                                     0x200003a8   Section       16  main.o(.bss)
    .bss                                     0x200003b8   Section       16  main.o(.bss)
    .bss                                     0x200003c8   Section       16  main.o(.bss)
    .bss                                     0x200003d8   Section       60  rx_bayang_protocol_telemetry.o(.bss)
    .bss                                     0x20000414   Section       48  sixaxis.o(.bss)
    .bss                                     0x20000444   Section       12  stickvector.o(.bss)
    .bss                                     0x20000450   Section       12  imu.o(.bss)
    .bss                                     0x2000045c   Section       16  flip_sequencer.o(.bss)
    .bss                                     0x2000046c   Section       48  filter.o(.bss)
    .bss                                     0x2000049c   Section      120  pid.o(.bss)
    lastrate                                 0x200004cc   Data          12  pid.o(.bss)
    lasterror                                0x200004e4   Data          12  pid.o(.bss)
    lasterror2                               0x200004f0   Data          12  pid.o(.bss)
    last_out                                 0x200004fc   Data          12  pid.o(.bss)
    last_out2                                0x20000508   Data          12  pid.o(.bss)
    .bss                                     0x20000514   Section       28  drv_softserial.o(.bss)
    globalSerialData                         0x20000514   Data          28  drv_softserial.o(.bss)
    .bss                                     0x20000530   Section      112  serial_4way.o(.bss)
    .bss                                     0x200005a0   Section      192  drv_dshot.o(.bss)
    motor_data                               0x200005a0   Data         192  drv_dshot.o(.bss)
    STACK                                    0x20000660   Section     1024  startup_stm32f031.o(STACK)

    Global Symbols

    Symbol Name                              Value     Ov Type        Size  Object(Section)

    BuildAttributes$$THM_ISAv3M$S$PE$A:L22$X:L11$S22$IEEE1$IW$USESV6$~STKCKD$USESV7$~SHL$OTIME$ROPI$EBA8$UX$MICROLIB$REQ8$PRES8$EABIv2 0x00000000   Number         0  anon$$obj.o ABSOLUTE
    __ARM_use_no_argv                        0x00000000   Number         0  main.o ABSOLUTE
    SHT$$ARM_EXIDX$$Base                      - Undefined Reference
    SHT$$ARM_EXIDX$$Limit                     - Undefined Reference
    __aeabi_unwind_cpp_pr1                    - Undefined Weak Reference
    __aeabi_unwind_cpp_pr2                    - Undefined Weak Reference
    __cxa_begin_cleanup                       - Undefined Weak Reference
    __cxa_call_unexpected                     - Undefined Weak Reference
    __cxa_finalize                            - Undefined Weak Reference
    __cxa_type_match                          - Undefined Weak Reference
    _clock_init                               - Undefined Weak Reference
    _microlib_exit                            - Undefined Weak Reference
    __Vectors_Size                           0x000000b0   Number         0  startup_stm32f031.o ABSOLUTE
    __Vectors                                0x08000000   Data           4  startup_stm32f031.o(RESET)
    __Vectors_End                            0x080000b0   Data           0  startup_stm32f031.o(RESET)
    __main                                   0x080000b1   Thumb Code     0  entry.o(.ARM.Collect$$$$00000000)
    _main_stk                                0x080000b1   Thumb Code     0  entry2.o(.ARM.Collect$$$$00000001)
    _main_scatterload                        0x080000b5   Thumb Code     0  entry5.o(.ARM.Collect$$$$00000004)
    __main_after_scatterload                 0x080000b9   Thumb Code     0  entry5.o(.ARM.Collect$$$$00000004)
    _main_clock                              0x080000b9   Thumb Code     0  entry7b.o(.ARM.Collect$$$$00000008)
    _main_cpp_init$empty                     0x080000b9   Thumb Code     0  entry8a.o(.ARM.Collect$$$$00000009)
    _main_cpp_init                           0x080000bd   Thumb Code     0  entry8b.o(.ARM.Collect$$$$0000000A)
    _main_init                               0x080000bd   Thumb Code     0  entry9a.o(.ARM.Collect$$$$0000000B)
    __rt_final_cpp                           0x080000c5   Thumb Code     0  entry10a.o(.ARM.Collect$$$$0000000D)
    __rt_final_exit                          0x080000c5   Thumb Code     0  entry11a.o(.ARM.Collect$$$$0000000F)
    Reset_Handler                            0x080000c9   Thumb Code    38  startup_stm32f031.o(.text)
    NMI_Handler                              0x080000ef   Thumb Code     2  startup_stm32f031.o(.text)
    SVC_Handler                              0x080000f3   Thumb Code     2  startup_stm32f031.o(.text)
    PendSV_Handler                           0x080000f5   Thumb Code     2  startup_stm32f031.o(.text)
    ADC1_IRQHandler                          0x080000f9   Thumb Code     0  startup_stm32f031.o(.text)
    DMA1_Channel1_IRQHandler                 0x080000f9   Thumb Code     0  startup_stm32f031.o(.text)
    DMA1_Channel2_3_IRQHandler               0x080000f9   Thumb Code     0  startup_stm32f031.o(.text)
    DMA1_Channel4_5_IRQHandler               0x080000f9   Thumb Code     0  startup_stm32f031.o(.text)
    EXTI0_1_IRQHandler                       0x080000f9   Thumb Code     0  startup_stm32f031.o(.text)
    EXTI2_3_IRQHandler                       0x080000f9   Thumb Code     0  startup_stm32f031.o(.text)
    FLASH_IRQHandler                         0x080000f9   Thumb Code     0  startup_stm32f031.o(.text)
    I2C1_IRQHandler                          0x080000f9   Thumb Code     0  startup_stm32f031.o(.text)
    PVD_IRQHandler                           0x080000f9   Thumb Code     0  startup_stm32f031.o(.text)
    RCC_IRQHandler                           0x080000f9   Thumb Code     0  startup_stm32f031.o(.text)
    RTC_IRQHandler                           0x080000f9   Thumb Code     0  startup_stm32f031.o(.text)
    SPI1_IRQHandler                          0x080000f9   Thumb Code     0  startup_stm32f031.o(.text)
    TIM14_IRQHandler                         0x080000f9   Thumb Code     0  startup_stm32f031.o(.text)
    TIM16_IRQHandler                         0x080000f9   Thumb Code     0  startup_stm32f031.o(.text)
    TIM17_IRQHandler                         0x080000f9   Thumb Code     0  startup_stm32f031.o(.text)
    TIM1_BRK_UP_TRG_COM_IRQHandler           0x080000f9   Thumb Code     0  startup_stm32f031.o(.text)
    TIM1_CC_IRQHandler                       0x080000f9   Thumb Code     0  startup_stm32f031.o(.text)
    TIM2_IRQHandler                          0x080000f9   Thumb Code     0  startup_stm32f031.o(.text)
    TIM3_IRQHandler                          0x080000f9   Thumb Code     0  startup_stm32f031.o(.text)
    USART1_IRQHandler                        0x080000f9   Thumb Code     0  startup_stm32f031.o(.text)
    WWDG_IRQHandler                          0x080000f9   Thumb Code     0  startup_stm32f031.o(.text)
    __aeabi_uidiv                            0x08000121   Thumb Code     0  uidiv.o(.text)
    __aeabi_uidivmod                         0x08000121   Thumb Code    44  uidiv.o(.text)
    __aeabi_memcpy                           0x0800014d   Thumb Code    36  memcpya.o(.text)
    __aeabi_memcpy4                          0x0800014d   Thumb Code     0  memcpya.o(.text)
    __aeabi_memcpy8                          0x0800014d   Thumb Code     0  memcpya.o(.text)
    __aeabi_memset                           0x08000171   Thumb Code    14  memseta.o(.text)
    __aeabi_memset4                          0x08000171   Thumb Code     0  memseta.o(.text)
    __aeabi_memset8                          0x08000171   Thumb Code     0  memseta.o(.text)
    __aeabi_memclr                           0x0800017f   Thumb Code     4  memseta.o(.text)
    __aeabi_memclr4                          0x0800017f   Thumb Code     0  memseta.o(.text)
    __aeabi_memclr8                          0x0800017f   Thumb Code     0  memseta.o(.text)
    _memset$wrapper                          0x08000183   Thumb Code    18  memseta.o(.text)
    __aeabi_uread4                           0x08000195   Thumb Code    20  uread4.o(.text)
    __rt_uread4                              0x08000195   Thumb Code     0  uread4.o(.text)
    _uread4                                  0x08000195   Thumb Code     0  uread4.o(.text)
    __cpp_initialize__aeabi_                 0x080001a9   Thumb Code    22  cpp_init.o(.text)
    __aeabi_fadd                             0x080001c9   Thumb Code   162  fadd.o(.text)
    __aeabi_fsub                             0x0800026b   Thumb Code     8  fadd.o(.text)
    __aeabi_frsub                            0x08000273   Thumb Code     8  fadd.o(.text)
    __aeabi_fmul                             0x0800027b   Thumb Code   122  fmul.o(.text)
    __aeabi_fdiv                             0x080002f5   Thumb Code   124  fdiv.o(.text)
    __ARM_scalbnf                            0x08000371   Thumb Code    24  fscalb.o(.text)
    scalbnf                                  0x08000371   Thumb Code     0  fscalb.o(.text)
    __ARM_scalbn                             0x08000389   Thumb Code    44  dscalb.o(.text)
    scalbn                                   0x08000389   Thumb Code     0  dscalb.o(.text)
    __aeabi_i2f                              0x080003b5   Thumb Code    22  fflti.o(.text)
    __aeabi_ui2f                             0x080003cb   Thumb Code    14  ffltui.o(.text)
    __aeabi_ui2d                             0x080003d9   Thumb Code    24  dfltui.o(.text)
    __aeabi_f2iz                             0x080003f5   Thumb Code    50  ffixi.o(.text)
    __aeabi_f2uiz                            0x08000427   Thumb Code    40  ffixui.o(.text)
    __aeabi_d2uiz                            0x08000451   Thumb Code    50  dfixui.o(.text)
    __aeabi_cfcmpeq                          0x0800048d   Thumb Code     0  cfcmple.o(.text)
    __aeabi_cfcmple                          0x0800048d   Thumb Code    20  cfcmple.o(.text)
    __aeabi_cfrcmple                         0x080004a1   Thumb Code    20  cfrcmple.o(.text)
    __aeabi_llsr                             0x080004b5   Thumb Code    34  llushr.o(.text)
    _ll_ushift_r                             0x080004b5   Thumb Code     0  llushr.o(.text)
    __I$use$fp                               0x080004d7   Thumb Code     0  iusefp.o(.text)
    _float_round                             0x080004d7   Thumb Code    16  fepilogue.o(.text)
    _float_epilogue                          0x080004e7   Thumb Code   114  fepilogue.o(.text)
    _double_round                            0x08000559   Thumb Code    26  depilogue.o(.text)
    _double_epilogue                         0x08000573   Thumb Code   164  depilogue.o(.text)
    __scatterload                            0x08000619   Thumb Code    28  init.o(.text)
    __scatterload_rt2                        0x08000619   Thumb Code     0  init.o(.text)
    __aeabi_llsl                             0x0800063d   Thumb Code    32  llshl.o(.text)
    _ll_shift_l                              0x0800063d   Thumb Code     0  llshl.o(.text)
    __decompress                             0x0800065d   Thumb Code     0  __dczerorl2.o(.text)
    __decompress1                            0x0800065d   Thumb Code    86  __dczerorl2.o(.text)
    ADC_ChannelConfig                        0x080006b3   Thumb Code    10  stm32f0xx_adc.o(i.ADC_ChannelConfig)
    ADC_Cmd                                  0x080006bd   Thumb Code    18  stm32f0xx_adc.o(i.ADC_Cmd)
    ADC_DMACmd                               0x080006cf   Thumb Code    20  stm32f0xx_adc.o(i.ADC_DMACmd)
    ADC_DMARequestModeConfig                 0x080006e3   Thumb Code    16  stm32f0xx_adc.o(i.ADC_DMARequestModeConfig)
    ADC_GetCalibrationFactor                 0x080006f3   Thumb Code    46  stm32f0xx_adc.o(i.ADC_GetCalibrationFactor)
    ADC_Init                                 0x08000721   Thumb Code    38  stm32f0xx_adc.o(i.ADC_Init)
    ADC_StartOfConversion                    0x0800074d   Thumb Code    10  stm32f0xx_adc.o(i.ADC_StartOfConversion)
    ADC_StructInit                           0x08000757   Thumb Code    16  stm32f0xx_adc.o(i.ADC_StructInit)
    ADC_VrefintCmd                           0x08000769   Thumb Code    22  stm32f0xx_adc.o(i.ADC_VrefintCmd)
    BL_ConnectEx                             0x08000785   Thumb Code   102  serial_4way_avrootloader.o(i.BL_ConnectEx)
    BL_PageErase                             0x08000831   Thumb Code    44  serial_4way_avrootloader.o(i.BL_PageErase)
    BL_ReadEEprom                            0x08000921   Thumb Code    12  serial_4way_avrootloader.o(i.BL_ReadEEprom)
    BL_ReadFlash                             0x0800092d   Thumb Code    18  serial_4way_avrootloader.o(i.BL_ReadFlash)
    BL_SendCMDKeepAlive                      0x080009a5   Thumb Code    34  serial_4way_avrootloader.o(i.BL_SendCMDKeepAlive)
    BL_SendCMDRunRestartBootloader           0x080009cd   Thumb Code    20  serial_4way_avrootloader.o(i.BL_SendCMDRunRestartBootloader)
    BL_VerifyFlash                           0x08000a69   Thumb Code    44  serial_4way_avrootloader.o(i.BL_VerifyFlash)
    BL_WriteEEprom                           0x08000add   Thumb Code    14  serial_4way_avrootloader.o(i.BL_WriteEEprom)
    BL_WriteFlash                            0x08000af1   Thumb Code    14  serial_4way_avrootloader.o(i.BL_WriteFlash)
    DMA_Cmd                                  0x08000bf9   Thumb Code    20  stm32f0xx_dma.o(i.DMA_Cmd)
    DMA_Init                                 0x08000c11   Thumb Code    56  stm32f0xx_dma.o(i.DMA_Init)
    EXTI4_15_IRQHandler                      0x08000c4d   Thumb Code   124  main.o(i.EXTI4_15_IRQHandler)
    FLASH_ErasePage                          0x08000cd1   Thumb Code    52  stm32f0xx_flash.o(i.FLASH_ErasePage)
    FLASH_GetStatus                          0x08000d09   Thumb Code    34  stm32f0xx_flash.o(i.FLASH_GetStatus)
    FLASH_Lock                               0x08000d31   Thumb Code    12  stm32f0xx_flash.o(i.FLASH_Lock)
    FLASH_ProgramWord                        0x08000d41   Thumb Code    70  stm32f0xx_flash.o(i.FLASH_ProgramWord)
    FLASH_Unlock                             0x08000d8d   Thumb Code    18  stm32f0xx_flash.o(i.FLASH_Unlock)
    FLASH_WaitForLastOperation               0x08000dad   Thumb Code    34  stm32f0xx_flash.o(i.FLASH_WaitForLastOperation)
    GPIO_Init                                0x08000dcf   Thumb Code   112  stm32f0xx_gpio.o(i.GPIO_Init)
    GPIO_ResetBits                           0x08000e3f   Thumb Code     4  stm32f0xx_gpio.o(i.GPIO_ResetBits)
    GPIO_SetBits                             0x08000e43   Thumb Code     4  stm32f0xx_gpio.o(i.GPIO_SetBits)
    HardFault_Handler                        0x08000e47   Thumb Code     6  main.o(i.HardFault_Handler)
    Q_rsqrt                                  0x08000e4d   Thumb Code    80  imu.o(i.Q_rsqrt)
    RCC_AHBPeriphClockCmd                    0x08000ea1   Thumb Code    18  stm32f0xx_rcc.o(i.RCC_AHBPeriphClockCmd)
    RCC_APB2PeriphClockCmd                   0x08000eb9   Thumb Code    18  stm32f0xx_rcc.o(i.RCC_APB2PeriphClockCmd)
    SysTick_Handler                          0x08000f6d   Thumb Code     2  drv_time.o(i.SysTick_Handler)
    SystemInit                               0x08000f71   Thumb Code    84  system_stm32f0xx.o(i.SystemInit)
    filter_kalman::filter_kalman()           0x08000ff5   Thumb Code    14  filter.o(i._ZN13filter_kalmanC1Ev)
    filter_kalman::filter_kalman__sub_object() 0x08000ff5   Thumb Code     0  filter.o(i._ZN13filter_kalmanC1Ev)
    __ARM_clz                                0x0800100d   Thumb Code    46  depilogue.o(i.__ARM_clz)
    __ARM_common_switch8                     0x0800103b   Thumb Code    26  flip_sequencer.o(i.__ARM_common_switch8)
    __aeabi_vec_ctor_nocookie_nodtor         0x08001055   Thumb Code    34  aeabi_vec_ctor_nocookie_nodtor.o(i.__aeabi_vec_ctor_nocookie_nodtor)
    __scatterload_copy                       0x08001077   Thumb Code    14  handlers.o(i.__scatterload_copy)
    __scatterload_null                       0x08001085   Thumb Code     2  handlers.o(i.__scatterload_null)
    __scatterload_zeroinit                   0x08001087   Thumb Code    14  handlers.o(i.__scatterload_zeroinit)
    _crc_xmodem_update                       0x080010b9   Thumb Code    30  serial_4way.o(i._crc_xmodem_update)
    _readbyte                                0x080010dd   Thumb Code    96  drv_softi2c.o(i._readbyte)
    _readsda                                 0x08001141   Thumb Code    14  drv_softi2c.o(i._readsda)
    _restart                                 0x08001151   Thumb Code    24  drv_softi2c.o(i._restart)
    _sendbyte                                0x0800116d   Thumb Code    66  drv_softi2c.o(i._sendbyte)
    _sendstart                               0x080011b5   Thumb Code    30  drv_softi2c.o(i._sendstart)
    _sendstop                                0x080011d9   Thumb Code    36  drv_softi2c.o(i._sendstop)
    acc_cal                                  0x08001201   Thumb Code    88  sixaxis.o(i.acc_cal)
    adc_init                                 0x08001265   Thumb Code   216  drv_adc.o(i.adc_init)
    adc_read                                 0x08001351   Thumb Code    48  drv_adc.o(i.adc_read)
    apid                                     0x08001389   Thumb Code    82  angle_pid.o(i.apid)
    atan2approx                              0x080013e9   Thumb Code   174  imu.o(i.atan2approx)
    beacon_sequence                          0x080014b9   Thumb Code    98  rx_bayang_protocol_telemetry.o(i.beacon_sequence)
    bitbang_data                             0x08001525   Thumb Code   216  drv_dshot.o(i.bitbang_data)
    calcmagnitude                            0x08001609   Thumb Code    50  imu.o(i.calcmagnitude)
    change_pid_value                         0x0800163d   Thumb Code    86  pid.o(i.change_pid_value)
    check_command                            0x080016a5   Thumb Code    34  gesture_detect.o(i.check_command)
    checkrx                                  0x080016c9   Thumb Code   448  rx_bayang_protocol_telemetry.o(i.checkrx)
    control                                  0x080018a5   Thumb Code  1342  control.o(i.control)
    decrease_pid                             0x08001ed9   Thumb Code    10  pid.o(i.decrease_pid)
    delay                                    0x08001ee3   Thumb Code    20  drv_time.o(i.delay)
    esc4wayInit                              0x08001ef9   Thumb Code   196  serial_4way.o(i.esc4wayInit)
    esc4wayProcess                           0x08001fc9   Thumb Code   690  serial_4way.o(i.esc4wayProcess)
    esc4wayRelease                           0x08002291   Thumb Code    40  serial_4way.o(i.esc4wayRelease)
    failloop                                 0x080022b9   Thumb Code    64  main.o(i.failloop)
    fastcos                                  0x080022fd   Thumb Code    14  util.o(i.fastcos)
    fastsin                                  0x08002311   Thumb Code    82  util.o(i.fastsin)
    flash_get_hard_coded_pid_identifier      0x08002379   Thumb Code    74  flash.o(i.flash_get_hard_coded_pid_identifier)
    flash_hard_coded_pid_identifier          0x080023cd   Thumb Code    12  flash.o(i.flash_hard_coded_pid_identifier)
    flash_load                               0x080023dd   Thumb Code   232  flash.o(i.flash_load)
    flash_save                               0x080024e9   Thumb Code   182  flash.o(i.flash_save)
    fmc_erase                                0x080025c1   Thumb Code    24  drv_fmc1.o(i.fmc_erase)
    fmc_lock                                 0x080025dd   Thumb Code     8  drv_fmc1.o(i.fmc_lock)
    fmc_read                                 0x080025e5   Thumb Code    10  drv_fmc1.o(i.fmc_read)
    fmc_read_float                           0x080025f5   Thumb Code     8  drv_fmc1.o(i.fmc_read_float)
    fmc_unlock                               0x080025fd   Thumb Code     8  drv_fmc1.o(i.fmc_unlock)
    fmc_write_float                          0x08002605   Thumb Code     8  drv_fmc1.o(i.fmc_write_float)
    gesture_sequence                         0x0800260d   Thumb Code   192  gesture_detect.o(i.gesture_sequence)
    gestures                                 0x080026d5   Thumb Code   174  gestures.o(i.gestures)
    gestures2                                0x0800279d   Thumb Code   224  gesture_detect.o(i.gestures2)
    gettime                                  0x080028a1   Thumb Code     8  drv_time.o(i.gettime)
    gpio_init                                0x080028a9   Thumb Code    40  drv_gpio.o(i.gpio_init)
    gyro_cal                                 0x080028d5   Thumb Code   370  sixaxis.o(i.gyro_cal)
    i2c_init                                 0x08002a71   Thumb Code     8  drv_i2c.o(i.i2c_init)
    i2c_readdata                             0x08002a79   Thumb Code    18  drv_i2c.o(i.i2c_readdata)
    i2c_readreg                              0x08002a8b   Thumb Code    12  drv_i2c.o(i.i2c_readreg)
    i2c_writereg                             0x08002a97   Thumb Code    14  drv_i2c.o(i.i2c_writereg)
    imu_calc                                 0x08002aa5   Thumb Code   296  imu.o(i.imu_calc)
    imu_init                                 0x08002bed   Thumb Code    58  imu.o(i.imu_init)
    increase_pid                             0x08002c35   Thumb Code    10  pid.o(i.increase_pid)
    isMcuConnected                           0x08002c41   Thumb Code    12  serial_4way.o(i.isMcuConnected)
    led_pwm                                  0x08002c51   Thumb Code   110  led.o(i.led_pwm)
    ledflash                                 0x08002cd1   Thumb Code    40  led.o(i.ledflash)
    ledoff                                   0x08002cf9   Thumb Code    16  led.o(i.ledoff)
    ledon                                    0x08002d0d   Thumb Code    16  led.o(i.ledon)
    limitf                                   0x08002d21   Thumb Code    38  util.o(i.limitf)
    lpf                                      0x08002d47   Thumb Code    44  util.o(i.lpf)
    lpf2                                     0x08002d75   Thumb Code    68  pid.o(i.lpf2)
    lpfcalc                                  0x08002dc1   Thumb Code    36  util.o(i.lpfcalc)
    lpfcalc_hz                               0x08002de5   Thumb Code    36  util.o(i.lpfcalc_hz)
    lpffilter                                0x08002e09   Thumb Code    92  filter.o(i.lpffilter)
    main                                     0x08002e69   Thumb Code   926  main.o(i.main)
    make_packet                              0x0800325d   Thumb Code   104  drv_dshot.o(i.make_packet)
    mapf                                     0x080032c9   Thumb Code    58  util.o(i.mapf)
    mosi_input                               0x08003305   Thumb Code    28  drv_spi_3wire.o(i.mosi_input)
    motorlpf                                 0x08003325   Thumb Code    22  control.o(i.motorlpf)
    motormap                                 0x08003345   Thumb Code     2  motorcurve.o(i.motormap)
    next_pid_axis                            0x08003349   Thumb Code    22  pid.o(i.next_pid_axis)
    next_pid_term                            0x08003365   Thumb Code    52  pid.o(i.next_pid_term)
    nextchannel                              0x0800339d   Thumb Code    26  rx_bayang_protocol_telemetry.o(i.nextchannel)
    packettodata                             0x080033bd   Thumb Code    32  rx_bayang_protocol_telemetry.o(i.packettodata)
    pid                                      0x080033dd   Thumb Code   330  pid.o(i.pid)
    pid_precalc                              0x0800354d   Thumb Code    18  pid.o(i.pid_precalc)
    pwm_init                                 0x0800356d   Thumb Code    84  drv_dshot.o(i.pwm_init)
    pwm_set                                  0x080035cd   Thumb Code   160  drv_dshot.o(i.pwm_set)
    rgb_init                                 0x08003691   Thumb Code     2  drv_rgb.o(i.rgb_init)
    rx_init                                  0x08003695   Thumb Code   242  rx_bayang_protocol_telemetry.o(i.rx_init)
    sclhigh                                  0x08003799   Thumb Code    18  drv_softi2c.o(i.sclhigh)
    sclhighlow                               0x080037b1   Thumb Code    22  drv_softi2c.o(i.sclhighlow)
    scllow                                   0x080037d1   Thumb Code    16  drv_softi2c.o(i.scllow)
    sdahigh                                  0x080037e9   Thumb Code    30  drv_softi2c.o(i.sdahigh)
    sdalow                                   0x0800380d   Thumb Code    28  drv_softi2c.o(i.sdalow)
    send_telemetry                           0x08003831   Thumb Code   158  rx_bayang_protocol_telemetry.o(i.send_telemetry)
    setoutput                                0x080038e5   Thumb Code    22  drv_softi2c.o(i.setoutput)
    sixaxis_check                            0x08003939   Thumb Code    32  sixaxis.o(i.sixaxis_check)
    sixaxis_init                             0x08003959   Thumb Code    84  sixaxis.o(i.sixaxis_init)
    sixaxis_read                             0x080039b1   Thumb Code   226  sixaxis.o(i.sixaxis_read)
    softi2c_init                             0x08003aa1   Thumb Code    80  drv_softi2c.o(i.softi2c_init)
    softi2c_read                             0x08003af5   Thumb Code    50  drv_softi2c.o(i.softi2c_read)
    softi2c_readdata                         0x08003b27   Thumb Code    78  drv_softi2c.o(i.softi2c_readdata)
    softi2c_write                            0x08003b75   Thumb Code    40  drv_softi2c.o(i.softi2c_write)
    softserial_init                          0x08003b9d   Thumb Code    96  drv_softserial.o(i.softserial_init)
    softserial_read_byte                     0x08003c7d   Thumb Code    12  drv_softserial.o(i.softserial_read_byte)
    softserial_read_byte_ex                  0x08003c8d   Thumb Code   150  drv_softserial.o(i.softserial_read_byte_ex)
    softserial_set_input                     0x08003d29   Thumb Code    30  drv_softserial.o(i.softserial_set_input)
    softserial_set_output                    0x08003d49   Thumb Code    34  drv_softserial.o(i.softserial_set_output)
    softserial_write_byte                    0x08003d71   Thumb Code    12  drv_softserial.o(i.softserial_write_byte)
    softserial_write_byte_ex                 0x08003d81   Thumb Code    94  drv_softserial.o(i.softserial_write_byte_ex)
    spi_csoff                                0x08003ddf   Thumb Code    10  drv_spi_3wire.o(i.spi_csoff)
    spi_cson                                 0x08003de9   Thumb Code     8  drv_spi_3wire.o(i.spi_cson)
    spi_init                                 0x08003df5   Thumb Code    78  drv_spi_3wire.o(i.spi_init)
    spi_recvbyte                             0x08003e49   Thumb Code    36  drv_spi_3wire.o(i.spi_recvbyte)
    spi_sendbyte                             0x08003e71   Thumb Code    64  drv_spi_3wire.o(i.spi_sendbyte)
    stick_vector                             0x08003ebd   Thumb Code   286  stickvector.o(i.stick_vector)
    time_init                                0x08004039   Thumb Code    32  drv_time.o(i.time_init)
    time_update                              0x08004065   Thumb Code    50  drv_time.o(i.time_update)
    writeregs                                0x080040a5   Thumb Code    34  rx_bayang_protocol_telemetry.o(i.writeregs)
    writeword                                0x080040c9   Thumb Code    28  drv_fmc1.o(i.writeword)
    xn_command                               0x080040e9   Thumb Code    22  drv_xn297_3wire.o(i.xn_command)
    xn_readpayload                           0x080040ff   Thumb Code    44  drv_xn297_3wire.o(i.xn_readpayload)
    xn_readreg                               0x0800412b   Thumb Code    34  drv_xn297_3wire.o(i.xn_readreg)
    xn_writepayload                          0x0800414d   Thumb Code    40  drv_xn297_3wire.o(i.xn_writepayload)
    xn_writereg                              0x08004175   Thumb Code    34  drv_xn297_3wire.o(i.xn_writereg)
    command1                                 0x08004196   Data           7  gesture_detect.o(.constdata)
    command2                                 0x0800419d   Data           7  gesture_detect.o(.constdata)
    command3                                 0x080041a4   Data           7  gesture_detect.o(.constdata)
    command8                                 0x080041ab   Data           7  gesture_detect.o(.constdata)
    command4                                 0x080041b2   Data           7  gesture_detect.o(.constdata)
    command5                                 0x080041b9   Data           7  gesture_detect.o(.constdata)
    command6                                 0x080041c0   Data           7  gesture_detect.o(.constdata)
    command7                                 0x080041c7   Data           7  gesture_detect.o(.constdata)
    outlimit                                 0x080041e0   Data          12  pid.o(.constdata)
    integrallimit                            0x080041ec   Data          12  pid.o(.constdata)
    Region$$Table$$Base                      0x080041f8   Number         0  anon$$obj.o(Region$$Table)
    Region$$Table$$Limit                     0x08004218   Number         0  anon$$obj.o(Region$$Table)
    SHT$$INIT_ARRAY$$Base                    0x08004218   Number         0  filter.o(.init_array)
    SHT$$INIT_ARRAY$$Limit                   0x0800421c   Number         0  cpp_init.o(.init_array)
    onground                                 0x20000000   Data           4  control.o(.data)
    onground_long                            0x20000004   Data           4  control.o(.data)
    overthrottlefilt                         0x20000008   Data           4  control.o(.data)
    underthrottlefilt                        0x2000000c   Data           4  control.o(.data)
    R                                        0x20000010   Data           4  control.o(.data)
    thrsum                                   0x20000014   Data           4  control.o(.data)
    vbattfilt                                0x20000018   Data           4  main.o(.data)
    vbatt_comp                               0x2000001c   Data           4  main.o(.data)
    vreffilt                                 0x20000020   Data           4  main.o(.data)
    thrfilt                                  0x20000024   Data           4  main.o(.data)
    lowbatt                                  0x20000028   Data           4  main.o(.data)
    ledcommand                               0x2000002c   Data           4  main.o(.data)
    ledblink                                 0x20000030   Data           4  main.o(.data)
    ledcommandtime                           0x20000034   Data           4  main.o(.data)
    switch_to_4way                           0x20000038   Data           4  main.o(.data)
    looptime                                 0x2000004c   Data           4  main.o(.data)
    lastlooptime                             0x20000050   Data           4  main.o(.data)
    initial_pid_identifier                   0x20000054   Data           4  flash.o(.data)
    saved_pid_identifier                     0x20000058   Data           4  flash.o(.data)
    pid_gestures_used                        0x2000005c   Data           4  gestures.o(.data)
    gesture_start                            0x20000060   Data           4  gesture_detect.o(.data)
    lastgesture                              0x20000064   Data           4  gesture_detect.o(.data)
    setgesture                               0x20000068   Data           4  gesture_detect.o(.data)
    gbuffer                                  0x20000070   Data           7  gesture_detect.o(.data)
    telemetry_enabled                        0x2000007c   Data           4  rx_bayang_protocol_telemetry.o(.data)
    rx_bind_load                             0x20000080   Data           4  rx_bayang_protocol_telemetry.o(.data)
    rxmode                                   0x20000084   Data           4  rx_bayang_protocol_telemetry.o(.data)
    rf_chan                                  0x20000088   Data           4  rx_bayang_protocol_telemetry.o(.data)
    autobindtime                             0x2000008c   Data           4  rx_bayang_protocol_telemetry.o(.data)
    autobind_inhibit                         0x20000090   Data           4  rx_bayang_protocol_telemetry.o(.data)
    packet_period                            0x20000094   Data           4  rx_bayang_protocol_telemetry.o(.data)
    telemetry_send                           0x20000098   Data           4  rx_bayang_protocol_telemetry.o(.data)
    failsafe                                 0x2000009c   Data           4  rx_bayang_protocol_telemetry.o(.data)
    skipchannel                              0x200000a0   Data           4  rx_bayang_protocol_telemetry.o(.data)
    timingfail                               0x200000a4   Data           4  rx_bayang_protocol_telemetry.o(.data)
    rfchannel                                0x200000ac   Data           4  rx_bayang_protocol_telemetry.o(.data)
    packetrx                                 0x200000b0   Data           4  rx_bayang_protocol_telemetry.o(.data)
    packetpersecond                          0x200000b4   Data           4  rx_bayang_protocol_telemetry.o(.data)
    send_time                                0x200000b8   Data           4  rx_bayang_protocol_telemetry.o(.data)
    lastrxtime                               0x200000bc   Data           4  rx_bayang_protocol_telemetry.o(.data)
    failsafetime                             0x200000c0   Data           4  rx_bayang_protocol_telemetry.o(.data)
    secondtimer                              0x200000c4   Data           4  rx_bayang_protocol_telemetry.o(.data)
    lastrxchan                               0x200000c8   Data           4  rx_bayang_protocol_telemetry.o(.data)
    rxaddress                                0x200000cc   Data           5  rx_bayang_protocol_telemetry.o(.data)
    rx_bind_enable                           0x200000e0   Data           4  rx_bayang_protocol_telemetry.o(.data)
    ledlevel                                 0x200000e4   Data           4  led.o(.data)
    lastledbrightness                        0x200000e8   Data           4  led.o(.data)
    lastledtime                              0x200000f4   Data           4  led.o(.data)
    last_rx                                  0x200000fc   Data           8  stickvector.o(.data)
    stickvector                              0x20000104   Data          12  stickvector.o(.data)
    GEstG                                    0x20000110   Data          12  imu.o(.data)
    acro_override                            0x2000011c   Data           4  flip_sequencer.o(.data)
    level_override                           0x20000120   Data           4  flip_sequencer.o(.data)
    controls_override                        0x20000124   Data           4  flip_sequencer.o(.data)
    isflipping                               0x20000128   Data           4  flip_sequencer.o(.data)
    flipstage                                0x2000012c   Data           4  flip_sequencer.o(.data)
    flipindex                                0x20000130   Data           4  flip_sequencer.o(.data)
    flipdir                                  0x20000134   Data           4  flip_sequencer.o(.data)
    fliptime                                 0x20000138   Data           4  flip_sequencer.o(.data)
    levelmodetime                            0x2000013c   Data           4  flip_sequencer.o(.data)
    throttlehpf1                             0x20000140   Data           8  filter.o(.data)
    apidkp                                   0x20000148   Data           8  angle_pid.o(.data)
    apidkd                                   0x20000150   Data           8  angle_pid.o(.data)
    apidoutput                               0x20000158   Data           8  angle_pid.o(.data)
    angleerror                               0x20000160   Data           8  angle_pid.o(.data)
    lasterror                                0x20000168   Data           8  angle_pid.o(.data)
    current_pid_axis                         0x20000170   Data           4  pid.o(.data)
    current_pid_term                         0x20000174   Data           4  pid.o(.data)
    current_pid_term_pointer                 0x20000178   Data           4  pid.o(.data)
    timefactor                               0x20000188   Data           4  pid.o(.data)
    pidkp                                    0x2000018c   Data          12  pid.o(.data)
    pidki                                    0x20000198   Data          12  pid.o(.data)
    pidkd                                    0x200001a4   Data          12  pid.o(.data)
    b                                        0x200001b0   Data          12  pid.o(.data)
    pids_array                               0x200001bc   Data          12  pid.o(.data)
    selected_esc                             0x200001c9   Data           1  serial_4way.o(.data)
    DeviceInfo                               0x200001cf   Data           4  serial_4way.o(.data)
    adcarray                                 0x200001d8   Data           4  drv_adc.o(.data)
    vref_cal                                 0x200001dc   Data           4  drv_adc.o(.data)
    liberror                                 0x200001e0   Data           4  drv_i2c.o(.data)
    pwmdir                                   0x200001e4   Data           4  drv_dshot.o(.data)
    sdaout                                   0x200001f0   Data           4  drv_softi2c.o(.data)
    sda                                      0x200001f4   Data           4  drv_softi2c.o(.data)
    scl                                      0x200001f8   Data           4  drv_softi2c.o(.data)
    mosi_out                                 0x20000204   Data           4  drv_spi_3wire.o(.data)
    mosi_init_struct                         0x20000208   Data           8  drv_spi_3wire.o(.data)
    lastticks                                0x20000214   Data           4  drv_time.o(.data)
    globalticks                              0x20000218   Data           4  drv_time.o(.data)
    error                                    0x2000025c   Data          12  control.o(.bss)
    rxcopy                                   0x20000268   Data          16  control.o(.bss)
    motor_filt                               0x20000278   Data          16  control.o(.bss)
    hann_lastsample                          0x20000288   Data          16  control.o(.bss)
    hann_lastsample2                         0x20000298   Data          16  control.o(.bss)
    x_est_last                               0x200002a8   Data          16  control.o(.bss)
    P_last                                   0x200002b8   Data          16  control.o(.bss)
    clip_feedforward                         0x200002c8   Data          16  control.o(.bss)
    aux                                      0x200002d8   Data          16  main.o(.bss)
    rx                                       0x200003a8   Data          16  main.o(.bss)
    lastaux                                  0x200003b8   Data          16  main.o(.bss)
    auxchange                                0x200003c8   Data          16  main.o(.bss)
    rxdata                                   0x200003d8   Data          60  rx_bayang_protocol_telemetry.o(.bss)
    accel                                    0x20000414   Data          12  sixaxis.o(.bss)
    gyro                                     0x20000420   Data          12  sixaxis.o(.bss)
    accelcal                                 0x2000042c   Data          12  sixaxis.o(.bss)
    gyrocal                                  0x20000438   Data          12  sixaxis.o(.bss)
    errorvect                                0x20000444   Data          12  stickvector.o(.bss)
    attitude                                 0x20000450   Data          12  imu.o(.bss)
    rx_override                              0x2000045c   Data          16  flip_sequencer.o(.bss)
    filter                                   0x2000046c   Data          48  filter.o(.bss)
    number_of_increments                     0x2000049c   Data          36  pid.o(.bss)
    ierror                                   0x200004c0   Data          12  pid.o(.bss)
    pidoutput                                0x200004d8   Data          12  pid.o(.bss)
    escSerial                                0x20000530   Data         112  serial_4way.o(.bss)
    __initial_sp                             0x20000a60   Data           0  startup_stm32f031.o(STACK)



==============================================================================

Memory Map of the image

  Image Entry point : 0x080000c9

  Load Region LR_1 (Base: 0x08000000, Size: 0x00004438, Max: 0xffffffff, ABSOLUTE, COMPRESSED[0x000042a8])

    Execution Region ER_RO (Base: 0x08000000, Size: 0x0000421c, Max: 0xffffffff, ABSOLUTE)

    Base Addr    Size         Type   Attr      Idx    E Section Name        Object

    0x08000000   0x000000b0   Data   RO         2104    RESET               startup_stm32f031.o
    0x080000b0   0x00000000   Code   RO         5708  * .ARM.Collect$$$$00000000  mc_p.l(entry.o)
    0x080000b0   0x00000004   Code   RO         5755    .ARM.Collect$$$$00000001  mc_p.l(entry2.o)
    0x080000b4   0x00000004   Code   RO         5758    .ARM.Collect$$$$00000004  mc_p.l(entry5.o)
    0x080000b8   0x00000000   Code   RO         5760    .ARM.Collect$$$$00000008  mc_p.l(entry7b.o)
    0x080000b8   0x00000004   Code   RO         5761    .ARM.Collect$$$$00000009  mc_p.l(entry8a.o)
    0x080000bc   0x00000000   Code   RO         5762    .ARM.Collect$$$$0000000A  mc_p.l(entry8b.o)
    0x080000bc   0x00000008   Code   RO         5763    .ARM.Collect$$$$0000000B  mc_p.l(entry9a.o)
    0x080000c4   0x00000000   Code   RO         5765    .ARM.Collect$$$$0000000D  mc_p.l(entry10a.o)
    0x080000c4   0x00000000   Code   RO         5767    .ARM.Collect$$$$0000000F  mc_p.l(entry11a.o)
    0x080000c4   0x00000004   Code   RO         5756    .ARM.Collect$$$$00002712  mc_p.l(entry2.o)
    0x080000c8   0x00000058   Code   RO         2105  * .text               startup_stm32f031.o
    0x08000120   0x0000002c   Code   RO         5711    .text               mc_p.l(uidiv.o)
    0x0800014c   0x00000024   Code   RO         5713    .text               mc_p.l(memcpya.o)
    0x08000170   0x00000024   Code   RO         5715    .text               mc_p.l(memseta.o)
    0x08000194   0x00000014   Code   RO         5719    .text               mc_p.l(uread4.o)
    0x080001a8   0x00000020   Code   RO         5724    .text               mc_p.l(cpp_init.o)
    0x080001c8   0x000000b2   Code   RO         5726    .text               mf_p.l(fadd.o)
    0x0800027a   0x0000007a   Code   RO         5728    .text               mf_p.l(fmul.o)
    0x080002f4   0x0000007c   Code   RO         5730    .text               mf_p.l(fdiv.o)
    0x08000370   0x00000018   Code   RO         5732    .text               mf_p.l(fscalb.o)
    0x08000388   0x0000002c   Code   RO         5734    .text               mf_p.l(dscalb.o)
    0x080003b4   0x00000016   Code   RO         5736    .text               mf_p.l(fflti.o)
    0x080003ca   0x0000000e   Code   RO         5738    .text               mf_p.l(ffltui.o)
    0x080003d8   0x0000001c   Code   RO         5740    .text               mf_p.l(dfltui.o)
    0x080003f4   0x00000032   Code   RO         5742    .text               mf_p.l(ffixi.o)
    0x08000426   0x00000028   Code   RO         5744    .text               mf_p.l(ffixui.o)
    0x0800044e   0x00000002   PAD
    0x08000450   0x0000003c   Code   RO         5746    .text               mf_p.l(dfixui.o)
    0x0800048c   0x00000014   Code   RO         5748    .text               mf_p.l(cfcmple.o)
    0x080004a0   0x00000014   Code   RO         5750    .text               mf_p.l(cfrcmple.o)
    0x080004b4   0x00000022   Code   RO         5769    .text               mc_p.l(llushr.o)
    0x080004d6   0x00000000   Code   RO         5771    .text               mc_p.l(iusefp.o)
    0x080004d6   0x00000082   Code   RO         5772    .text               mf_p.l(fepilogue.o)
    0x08000558   0x000000be   Code   RO         5774    .text               mf_p.l(depilogue.o)
    0x08000616   0x00000002   PAD
    0x08000618   0x00000024   Code   RO         5781    .text               mc_p.l(init.o)
    0x0800063c   0x00000020   Code   RO         5783    .text               mc_p.l(llshl.o)
    0x0800065c   0x00000056   Code   RO         5834    .text               mc_p.l(__dczerorl2.o)
    0x080006b2   0x0000000a   Code   RO         2116    i.ADC_ChannelConfig  stm32f0xx_adc.o
    0x080006bc   0x00000012   Code   RO         2120    i.ADC_Cmd           stm32f0xx_adc.o
    0x080006ce   0x00000014   Code   RO         2122    i.ADC_DMACmd        stm32f0xx_adc.o
    0x080006e2   0x00000010   Code   RO         2123    i.ADC_DMARequestModeConfig  stm32f0xx_adc.o
    0x080006f2   0x0000002e   Code   RO         2126    i.ADC_GetCalibrationFactor  stm32f0xx_adc.o
    0x08000720   0x0000002c   Code   RO         2131    i.ADC_Init          stm32f0xx_adc.o
    0x0800074c   0x0000000a   Code   RO         2134    i.ADC_StartOfConversion  stm32f0xx_adc.o
    0x08000756   0x00000010   Code   RO         2136    i.ADC_StructInit    stm32f0xx_adc.o
    0x08000766   0x00000002   PAD
    0x08000768   0x0000001c   Code   RO         2139    i.ADC_VrefintCmd    stm32f0xx_adc.o
    0x08000784   0x00000088   Code   RO         1230    i.BL_ConnectEx      serial_4way_avrootloader.o
    0x0800080c   0x00000022   Code   RO         1231    i.BL_GetACK         serial_4way_avrootloader.o
    0x0800082e   0x00000002   PAD
    0x08000830   0x00000030   Code   RO         1232    i.BL_PageErase      serial_4way_avrootloader.o
    0x08000860   0x0000002a   Code   RO         1233    i.BL_ReadA          serial_4way_avrootloader.o
    0x0800088a   0x00000002   PAD
    0x0800088c   0x00000094   Code   RO         1234    i.BL_ReadBuf        serial_4way_avrootloader.o
    0x08000920   0x0000000c   Code   RO         1235    i.BL_ReadEEprom     serial_4way_avrootloader.o
    0x0800092c   0x00000012   Code   RO         1236    i.BL_ReadFlash      serial_4way_avrootloader.o
    0x0800093e   0x00000002   PAD
    0x08000940   0x00000064   Code   RO         1237    i.BL_SendBuf        serial_4way_avrootloader.o
    0x080009a4   0x00000028   Code   RO         1238    i.BL_SendCMDKeepAlive  serial_4way_avrootloader.o
    0x080009cc   0x00000014   Code   RO         1239    i.BL_SendCMDRunRestartBootloader  serial_4way_avrootloader.o
    0x080009e0   0x0000003c   Code   RO         1240    i.BL_SendCMDSetAddress  serial_4way_avrootloader.o
    0x08000a1c   0x0000004c   Code   RO         1241    i.BL_SendCMDSetBuffer  serial_4way_avrootloader.o
    0x08000a68   0x00000030   Code   RO         1242    i.BL_VerifyFlash    serial_4way_avrootloader.o
    0x08000a98   0x00000044   Code   RO         1243    i.BL_WriteA         serial_4way_avrootloader.o
    0x08000adc   0x00000014   Code   RO         1244    i.BL_WriteEEprom    serial_4way_avrootloader.o
    0x08000af0   0x0000000e   Code   RO         1245    i.BL_WriteFlash     serial_4way_avrootloader.o
    0x08000afe   0x00000002   PAD
    0x08000b00   0x00000040   Code   RO         1246    i.ByteCrc           serial_4way_avrootloader.o
    0x08000b40   0x000000b8   Code   RO         1093    i.Connect           serial_4way.o
    0x08000bf8   0x00000018   Code   RO         3034    i.DMA_Cmd           stm32f0xx_dma.o
    0x08000c10   0x0000003c   Code   RO         3040    i.DMA_Init          stm32f0xx_dma.o
    0x08000c4c   0x00000084   Code   RO           87    i.EXTI4_15_IRQHandler  main.o
    0x08000cd0   0x00000038   Code   RO         3176    i.FLASH_ErasePage   stm32f0xx_flash.o
    0x08000d08   0x00000028   Code   RO         3179    i.FLASH_GetStatus   stm32f0xx_flash.o
    0x08000d30   0x00000010   Code   RO         3181    i.FLASH_Lock        stm32f0xx_flash.o
    0x08000d40   0x0000004c   Code   RO         3201    i.FLASH_ProgramWord  stm32f0xx_flash.o
    0x08000d8c   0x00000020   Code   RO         3203    i.FLASH_Unlock      stm32f0xx_flash.o
    0x08000dac   0x00000022   Code   RO         3204    i.FLASH_WaitForLastOperation  stm32f0xx_flash.o
    0x08000dce   0x00000070   Code   RO         3374    i.GPIO_Init         stm32f0xx_gpio.o
    0x08000e3e   0x00000004   Code   RO         3381    i.GPIO_ResetBits    stm32f0xx_gpio.o
    0x08000e42   0x00000004   Code   RO         3382    i.GPIO_SetBits      stm32f0xx_gpio.o
    0x08000e46   0x00000006   Code   RO           88    i.HardFault_Handler  main.o
    0x08000e4c   0x00000054   Code   RO          806    i.Q_rsqrt           imu.o
    0x08000ea0   0x00000018   Code   RO         3894    i.RCC_AHBPeriphClockCmd  stm32f0xx_rcc.o
    0x08000eb8   0x00000018   Code   RO         3898    i.RCC_APB2PeriphClockCmd  stm32f0xx_rcc.o
    0x08000ed0   0x00000014   Code   RO         1094    i.ReadByte          serial_4way.o
    0x08000ee4   0x00000028   Code   RO         1095    i.ReadByteCrc       serial_4way.o
    0x08000f0c   0x00000060   Code   RO         5670    i.SetSysClock       system_stm32f0xx.o
    0x08000f6c   0x00000002   Code   RO         1911    i.SysTick_Handler   drv_time.o
    0x08000f6e   0x00000002   PAD
    0x08000f70   0x00000060   Code   RO         5672    i.SystemInit        system_stm32f0xx.o
    0x08000fd0   0x00000024   Code   RO         1096    i.WriteByteCrc      serial_4way.o
    0x08000ff4   0x00000018   Code   RO          906    i._ZN13filter_kalmanC1Ev  filter.o
    0x0800100c   0x0000002e   Code   RO         5776    i.__ARM_clz         mf_p.l(depilogue.o)
    0x0800103a   0x0000001a   Code   RO          875    i.__ARM_common_switch8  flip_sequencer.o
    0x08001054   0x00000022   Code   RO         5705    i.__aeabi_vec_ctor_nocookie_nodtor  cpprt_p.l(aeabi_vec_ctor_nocookie_nodtor.o)
    0x08001076   0x0000000e   Code   RO         5828    i.__scatterload_copy  mc_p.l(handlers.o)
    0x08001084   0x00000002   Code   RO         5829    i.__scatterload_null  mc_p.l(handlers.o)
    0x08001086   0x0000000e   Code   RO         5830    i.__scatterload_zeroinit  mc_p.l(handlers.o)
    0x08001094   0x00000024   Code   RO          881    i.__sti___10_filter_cpp_filter  filter.o
    0x080010b8   0x00000024   Code   RO         1097    i._crc_xmodem_update  serial_4way.o
    0x080010dc   0x00000064   Code   RO         1703    i._readbyte         drv_softi2c.o
    0x08001140   0x0000000e   Code   RO         1704    i._readsda          drv_softi2c.o
    0x0800114e   0x00000002   PAD
    0x08001150   0x0000001c   Code   RO         1705    i._restart          drv_softi2c.o
    0x0800116c   0x00000048   Code   RO         1706    i._sendbyte         drv_softi2c.o
    0x080011b4   0x00000024   Code   RO         1707    i._sendstart        drv_softi2c.o
    0x080011d8   0x00000028   Code   RO         1708    i._sendstop         drv_softi2c.o
    0x08001200   0x00000064   Code   RO          650    i.acc_cal           sixaxis.o
    0x08001264   0x000000ec   Code   RO         1351    i.adc_init          drv_adc.o
    0x08001350   0x00000038   Code   RO         1352    i.adc_read          drv_adc.o
    0x08001388   0x00000060   Code   RO          931    i.apid              angle_pid.o
    0x080013e8   0x000000d0   Code   RO          807    i.atan2approx       imu.o
    0x080014b8   0x0000006c   Code   RO          459    i.beacon_sequence   rx_bayang_protocol_telemetry.o
    0x08001524   0x000000e4   Code   RO         1595    i.bitbang_data      drv_dshot.o
    0x08001608   0x00000032   Code   RO          808    i.calcmagnitude     imu.o
    0x0800163a   0x00000002   PAD
    0x0800163c   0x00000068   Code   RO          947    i.change_pid_value  pid.o
    0x080016a4   0x00000022   Code   RO          370    i.check_command     gesture_detect.o
    0x080016c6   0x00000002   PAD
    0x080016c8   0x000001dc   Code   RO          460    i.checkrx           rx_bayang_protocol_telemetry.o
    0x080018a4   0x00000558   Code   RO            2    i.control           control.o
    0x08001dfc   0x000000dc   Code   RO          461    i.decodepacket      rx_bayang_protocol_telemetry.o
    0x08001ed8   0x0000000a   Code   RO          948    i.decrease_pid      pid.o
    0x08001ee2   0x00000014   Code   RO         1912    i.delay             drv_time.o
    0x08001ef6   0x00000002   PAD
    0x08001ef8   0x000000d0   Code   RO         1098    i.esc4wayInit       serial_4way.o
    0x08001fc8   0x000002c8   Code   RO         1099    i.esc4wayProcess    serial_4way.o
    0x08002290   0x00000028   Code   RO         1100    i.esc4wayRelease    serial_4way.o
    0x080022b8   0x00000044   Code   RO           91    i.failloop          main.o
    0x080022fc   0x00000014   Code   RO          713    i.fastcos           util.o
    0x08002310   0x00000068   Code   RO          714    i.fastsin           util.o
    0x08002378   0x00000054   Code   RO          311    i.flash_get_hard_coded_pid_identifier  flash.o
    0x080023cc   0x00000010   Code   RO          312    i.flash_hard_coded_pid_identifier  flash.o
    0x080023dc   0x0000010c   Code   RO          313    i.flash_load        flash.o
    0x080024e8   0x000000d8   Code   RO          314    i.flash_save        flash.o
    0x080025c0   0x0000001c   Code   RO         1412    i.fmc_erase         drv_fmc1.o
    0x080025dc   0x00000008   Code   RO         1413    i.fmc_lock          drv_fmc1.o
    0x080025e4   0x00000010   Code   RO         1414    i.fmc_read          drv_fmc1.o
    0x080025f4   0x00000008   Code   RO         1415    i.fmc_read_float    drv_fmc1.o
    0x080025fc   0x00000008   Code   RO         1416    i.fmc_unlock        drv_fmc1.o
    0x08002604   0x00000008   Code   RO         1417    i.fmc_write_float   drv_fmc1.o
    0x0800260c   0x000000c8   Code   RO          371    i.gesture_sequence  gesture_detect.o
    0x080026d4   0x000000c8   Code   RO          351    i.gestures          gestures.o
    0x0800279c   0x00000104   Code   RO          372    i.gestures2         gesture_detect.o
    0x080028a0   0x00000008   Code   RO         1913    i.gettime           drv_time.o
    0x080028a8   0x0000002c   Code   RO         1493    i.gpio_init         drv_gpio.o
    0x080028d4   0x0000019c   Code   RO          651    i.gyro_cal          sixaxis.o
    0x08002a70   0x00000008   Code   RO         1520    i.i2c_init          drv_i2c.o
    0x08002a78   0x00000012   Code   RO         1521    i.i2c_readdata      drv_i2c.o
    0x08002a8a   0x0000000c   Code   RO         1522    i.i2c_readreg       drv_i2c.o
    0x08002a96   0x0000000e   Code   RO         1523    i.i2c_writereg      drv_i2c.o
    0x08002aa4   0x00000148   Code   RO          809    i.imu_calc          imu.o
    0x08002bec   0x00000048   Code   RO          810    i.imu_init          imu.o
    0x08002c34   0x0000000a   Code   RO          949    i.increase_pid      pid.o
    0x08002c3e   0x00000002   PAD
    0x08002c40   0x00000010   Code   RO         1148    i.isMcuConnected    serial_4way.o
    0x08002c50   0x00000080   Code   RO          598    i.led_pwm           led.o
    0x08002cd0   0x00000028   Code   RO          600    i.ledflash          led.o
    0x08002cf8   0x00000014   Code   RO          601    i.ledoff            led.o
    0x08002d0c   0x00000014   Code   RO          602    i.ledon             led.o
    0x08002d20   0x00000026   Code   RO          715    i.limitf            util.o
    0x08002d46   0x0000002c   Code   RO          716    i.lpf               util.o
    0x08002d72   0x00000002   PAD
    0x08002d74   0x0000004c   Code   RO          950    i.lpf2              pid.o
    0x08002dc0   0x00000024   Code   RO          717    i.lpfcalc           util.o
    0x08002de4   0x00000024   Code   RO          718    i.lpfcalc_hz        util.o
    0x08002e08   0x00000060   Code   RO          882    i.lpffilter         filter.o
    0x08002e68   0x000003f4   Code   RO           92    i.main              main.o
    0x0800325c   0x0000006c   Code   RO         1600    i.make_packet       drv_dshot.o
    0x080032c8   0x0000003a   Code   RO          719    i.mapf              util.o
    0x08003302   0x00000002   PAD
    0x08003304   0x00000020   Code   RO         1833    i.mosi_input        drv_spi_3wire.o
    0x08003324   0x00000020   Code   RO            6    i.motorlpf          control.o
    0x08003344   0x00000002   Code   RO          699    i.motormap          motorcurve.o
    0x08003346   0x00000002   PAD
    0x08003348   0x0000001c   Code   RO          951    i.next_pid_axis     pid.o
    0x08003364   0x00000038   Code   RO          952    i.next_pid_term     pid.o
    0x0800339c   0x00000020   Code   RO          462    i.nextchannel       rx_bayang_protocol_telemetry.o
    0x080033bc   0x00000020   Code   RO          463    i.packettodata      rx_bayang_protocol_telemetry.o
    0x080033dc   0x00000170   Code   RO          953    i.pid               pid.o
    0x0800354c   0x00000020   Code   RO          954    i.pid_precalc       pid.o
    0x0800356c   0x00000060   Code   RO         1603    i.pwm_init          drv_dshot.o
    0x080035cc   0x000000c4   Code   RO         1604    i.pwm_set           drv_dshot.o
    0x08003690   0x00000002   Code   RO         2078    i.rgb_init          drv_rgb.o
    0x08003692   0x00000002   PAD
    0x08003694   0x00000104   Code   RO          464    i.rx_init           rx_bayang_protocol_telemetry.o
    0x08003798   0x00000018   Code   RO         1709    i.sclhigh           drv_softi2c.o
    0x080037b0   0x00000020   Code   RO         1710    i.sclhighlow        drv_softi2c.o
    0x080037d0   0x00000018   Code   RO         1711    i.scllow            drv_softi2c.o
    0x080037e8   0x00000024   Code   RO         1712    i.sdahigh           drv_softi2c.o
    0x0800380c   0x00000024   Code   RO         1713    i.sdalow            drv_softi2c.o
    0x08003830   0x000000b4   Code   RO          465    i.send_telemetry    rx_bayang_protocol_telemetry.o
    0x080038e4   0x0000001c   Code   RO         1715    i.setoutput         drv_softi2c.o
    0x08003900   0x00000038   Code   RO           93    i.setup_4way_external_interrupt  main.o
    0x08003938   0x00000020   Code   RO          653    i.sixaxis_check     sixaxis.o
    0x08003958   0x00000058   Code   RO          654    i.sixaxis_init      sixaxis.o
    0x080039b0   0x000000f0   Code   RO          655    i.sixaxis_read      sixaxis.o
    0x08003aa0   0x00000054   Code   RO         1716    i.softi2c_init      drv_softi2c.o
    0x08003af4   0x00000032   Code   RO         1717    i.softi2c_read      drv_softi2c.o
    0x08003b26   0x0000004e   Code   RO         1718    i.softi2c_readdata  drv_softi2c.o
    0x08003b74   0x00000028   Code   RO         1719    i.softi2c_write     drv_softi2c.o
    0x08003b9c   0x00000068   Code   RO         1016    i.softserial_init   drv_softserial.o
    0x08003c04   0x0000002e   Code   RO         1017    i.softserial_init_rx  drv_softserial.o
    0x08003c32   0x00000032   Code   RO         1018    i.softserial_init_tx  drv_softserial.o
    0x08003c64   0x00000018   Code   RO         1019    i.softserial_is_1wire  drv_softserial.o
    0x08003c7c   0x00000010   Code   RO         1020    i.softserial_read_byte  drv_softserial.o
    0x08003c8c   0x0000009c   Code   RO         1021    i.softserial_read_byte_ex  drv_softserial.o
    0x08003d28   0x0000001e   Code   RO         1022    i.softserial_set_input  drv_softserial.o
    0x08003d46   0x00000002   PAD
    0x08003d48   0x00000028   Code   RO         1023    i.softserial_set_output  drv_softserial.o
    0x08003d70   0x00000010   Code   RO         1024    i.softserial_write_byte  drv_softserial.o
    0x08003d80   0x0000005e   Code   RO         1025    i.softserial_write_byte_ex  drv_softserial.o
    0x08003dde   0x0000000a   Code   RO         1835    i.spi_csoff         drv_spi_3wire.o
    0x08003de8   0x0000000c   Code   RO         1836    i.spi_cson          drv_spi_3wire.o
    0x08003df4   0x00000054   Code   RO         1837    i.spi_init          drv_spi_3wire.o
    0x08003e48   0x00000028   Code   RO         1838    i.spi_recvbyte      drv_spi_3wire.o
    0x08003e70   0x0000004c   Code   RO         1840    i.spi_sendbyte      drv_spi_3wire.o
    0x08003ebc   0x0000013c   Code   RO          786    i.stick_vector      stickvector.o
    0x08003ff8   0x00000020   Code   RO         1247    i.suart_getc_       serial_4way_avrootloader.o
    0x08004018   0x00000020   Code   RO         1248    i.suart_putc_       serial_4way_avrootloader.o
    0x08004038   0x0000002c   Code   RO         1914    i.time_init         drv_time.o
    0x08004064   0x00000040   Code   RO         1915    i.time_update       drv_time.o
    0x080040a4   0x00000022   Code   RO          466    i.writeregs         rx_bayang_protocol_telemetry.o
    0x080040c6   0x00000002   PAD
    0x080040c8   0x00000020   Code   RO         1418    i.writeword         drv_fmc1.o
    0x080040e8   0x00000016   Code   RO         1962    i.xn_command        drv_xn297_3wire.o
    0x080040fe   0x0000002c   Code   RO         1963    i.xn_readpayload    drv_xn297_3wire.o
    0x0800412a   0x00000022   Code   RO         1964    i.xn_readreg        drv_xn297_3wire.o
    0x0800414c   0x00000028   Code   RO         1965    i.xn_writepayload   drv_xn297_3wire.o
    0x08004174   0x00000022   Code   RO         1966    i.xn_writereg       drv_xn297_3wire.o
    0x08004196   0x00000038   Data   RO          373    .constdata          gesture_detect.o
    0x080041ce   0x00000002   PAD
    0x080041d0   0x0000000e   Data   RO          468    .constdata          rx_bayang_protocol_telemetry.o
    0x080041de   0x00000002   PAD
    0x080041e0   0x00000018   Data   RO          956    .constdata          pid.o
    0x080041f8   0x00000020   Data   RO         5826    Region$$Table       anon$$obj.o
    0x08004218   0x00000004   Data   RO          889    .init_array         filter.o
    0x0800421c   0x00000000   Data   RO         5722    .init_array         mc_p.l(cpp_init.o)


    Execution Region ER_RW (Base: 0x20000000, Size: 0x0000021c, Max: 0xffffffff, ABSOLUTE, COMPRESSED[0x0000008c])

    Base Addr    Size         Type   Attr      Idx    E Section Name        Object

    0x20000000   0x00000018   Data   RW            9    .data               control.o
    0x20000018   0x0000003c   Data   RW           98    .data               main.o
    0x20000054   0x00000008   Data   RW          315    .data               flash.o
    0x2000005c   0x00000004   Data   RW          352    .data               gestures.o
    0x20000060   0x00000017   Data   RW          374    .data               gesture_detect.o
    0x20000077   0x00000001   PAD
    0x20000078   0x00000065   Data   RW          469    .data               rx_bayang_protocol_telemetry.o
    0x200000dd   0x00000003   PAD
    0x200000e0   0x00000004   Data   RW          470    .data               rx_bayang_protocol_telemetry.o
    0x200000e4   0x00000014   Data   RW          603    .data               led.o
    0x200000f8   0x00000004   Data   RW          657    .data               sixaxis.o
    0x200000fc   0x00000014   Data   RW          788    .data               stickvector.o
    0x20000110   0x0000000c   Data   RW          813    .data               imu.o
    0x2000011c   0x00000024   Data   RW          859    .data               flip_sequencer.o
    0x20000140   0x00000008   Data   RW          888    .data               filter.o
    0x20000148   0x00000028   Data   RW          932    .data               angle_pid.o
    0x20000170   0x0000004c   Data   RW          957    .data               pid.o
    0x200001bc   0x0000000c   Data   RW          958    .data               pid.o
    0x200001c8   0x0000000b   Data   RW         1102    .data               serial_4way.o
    0x200001d3   0x00000004   Data   RW         1249    .data               serial_4way_avrootloader.o
    0x200001d7   0x00000001   PAD
    0x200001d8   0x00000008   Data   RW         1354    .data               drv_adc.o
    0x200001e0   0x00000004   Data   RW         1524    .data               drv_i2c.o
    0x200001e4   0x0000000c   Data   RW         1606    .data               drv_dshot.o
    0x200001f0   0x00000014   Data   RW         1721    .data               drv_softi2c.o
    0x20000204   0x0000000c   Data   RW         1841    .data               drv_spi_3wire.o
    0x20000210   0x0000000c   Data   RW         1917    .data               drv_time.o


    Execution Region ER_ZI (Base: 0x2000021c, Size: 0x00000844, Max: 0xffffffff, ABSOLUTE)

    Base Addr    Size         Type   Attr      Idx    E Section Name        Object

    0x2000021c   0x000000bc   Zero   RW            7    .bss                control.o
    0x200002d8   0x000000d0   Zero   RW           94    .bss                main.o
    0x200003a8   0x00000010   Zero   RW           95    .bss                main.o
    0x200003b8   0x00000010   Zero   RW           96    .bss                main.o
    0x200003c8   0x00000010   Zero   RW           97    .bss                main.o
    0x200003d8   0x0000003c   Zero   RW          467    .bss                rx_bayang_protocol_telemetry.o
    0x20000414   0x00000030   Zero   RW          656    .bss                sixaxis.o
    0x20000444   0x0000000c   Zero   RW          787    .bss                stickvector.o
    0x20000450   0x0000000c   Zero   RW          812    .bss                imu.o
    0x2000045c   0x00000010   Zero   RW          858    .bss                flip_sequencer.o
    0x2000046c   0x00000030   Zero   RW          887    .bss                filter.o
    0x2000049c   0x00000078   Zero   RW          955    .bss                pid.o
    0x20000514   0x0000001c   Zero   RW         1026    .bss                drv_softserial.o
    0x20000530   0x00000070   Zero   RW         1101    .bss                serial_4way.o
    0x200005a0   0x000000c0   Zero   RW         1605    .bss                drv_dshot.o
    0x20000660   0x00000400   Zero   RW         2102    STACK               startup_stm32f031.o


==============================================================================

Image component sizes


      Code (inc. data)   RO Data    RW Data    ZI Data      Debug   Object Name

        96         14          0         40          0       1483   angle_pid.o
      1400        160          0         24        188      10356   control.o
       292         28          0          8          0       2110   drv_adc.o
       628         64          0         12        192       4783   drv_dshot.o
       108         14          0          0          0       3792   drv_fmc1.o
        44          4          0          0          0        472   drv_gpio.o
        52          0          0          4          0       2218   drv_i2c.o
         2          0          0          0          0        391   drv_rgb.o
       722         72          0         20          0       8890   drv_softi2c.o
       576         28          0          0         28       7807   drv_softserial.o
       254         30          0         12          0       4101   drv_spi_3wire.o
       138         26          0         12          0       8907   drv_time.o
       174          0          0          0          0       2759   drv_xn297_3wire.o
       156         28          4          8         48       5374   filter.o
       584         84          0          8          0       3144   flash.o
        26          0          0         36         16       1599   flip_sequencer.o
       494         44         56         23          0       4174   gesture_detect.o
       200         26          0          4          0        943   gestures.o
       742         84          0         12         12       4650   imu.o
       208         26          0         20          0       3294   led.o
      1274        110          0         60        256     182066   main.o
         2          0          0          0          0        459   motorcurve.o
       684         88         24         88        120       5871   pid.o
      1342        110         14        105         60       8268   rx_bayang_protocol_telemetry.o
      1292        116          0         11        112      10906   serial_4way.o
      1012        114          0          4          0      12954   serial_4way_avrootloader.o
       872         72          0          4         48       5085   sixaxis.o
        88         38        176          0       1024        736   startup_stm32f031.o
       316         30          0         20         12       1487   stickvector.o
       208         12          0          0          0       6002   stm32f0xx_adc.o
        84          8          0          0          0       2373   stm32f0xx_dma.o
       254         34          0          0          0       4425   stm32f0xx_flash.o
       120          0          0          0          0       2356   stm32f0xx_gpio.o
        48         12          0          0          0       1249   stm32f0xx_rcc.o
       192         20          0          0          0       1457   system_stm32f0xx.o
       336         28          0          0          0       4397   util.o

    ----------------------------------------------------------------------
     15054       1524        310        540       2116     331338   Object Totals
         0          0         32          0          0          0   (incl. Generated)
        34          0          4          5          0          0   (incl. Padding)

    ----------------------------------------------------------------------

      Code (inc. data)   RO Data    RW Data    ZI Data      Debug   Library Member Name

        34          0          0          0          0         80   aeabi_vec_ctor_nocookie_nodtor.o
        86          0          0          0          0          0   __dczerorl2.o
        32         10          0          0          0         72   cpp_init.o
         0          0          0          0          0          0   entry.o
         0          0          0          0          0          0   entry10a.o
         0          0          0          0          0          0   entry11a.o
         8          4          0          0          0          0   entry2.o
         4          0          0          0          0          0   entry5.o
         0          0          0          0          0          0   entry7b.o
         4          0          0          0          0          0   entry8a.o
         0          0          0          0          0          0   entry8b.o
         8          4          0          0          0          0   entry9a.o
        30          0          0          0          0          0   handlers.o
        36          8          0          0          0         68   init.o
         0          0          0          0          0          0   iusefp.o
        32          0          0          0          0         68   llshl.o
        34          0          0          0          0         68   llushr.o
        36          0          0          0          0         60   memcpya.o
        36          0          0          0          0        100   memseta.o
        44          0          0          0          0         72   uidiv.o
        20          0          0          0          0         60   uread4.o
        20          0          0          0          0         68   cfcmple.o
        20          0          0          0          0         68   cfrcmple.o
       236          0          0          0          0        216   depilogue.o
        60         10          0          0          0         68   dfixui.o
        28          4          0          0          0         68   dfltui.o
        44          0          0          0          0         72   dscalb.o
       178          0          0          0          0        108   fadd.o
       124          0          0          0          0         72   fdiv.o
       130          0          0          0          0        144   fepilogue.o
        50          0          0          0          0         60   ffixi.o
        40          0          0          0          0         60   ffixui.o
        22          0          0          0          0         68   fflti.o
        14          0          0          0          0         68   ffltui.o
       122          0          0          0          0         72   fmul.o
        24          0          0          0          0         60   fscalb.o

    ----------------------------------------------------------------------
      1560         40          0          0          0       1920   Library Totals
         4          0          0          0          0          0   (incl. Padding)

    ----------------------------------------------------------------------

      Code (inc. data)   RO Data    RW Data    ZI Data      Debug   Library Name

        34          0          0          0          0         80   cpprt_p.l
       410         26          0          0          0        568   mc_p.l
      1112         14          0          0          0       1272   mf_p.l

    ----------------------------------------------------------------------
      1560         40          0          0          0       1920   Library Totals

    ----------------------------------------------------------------------

==============================================================================


      Code (inc. data)   RO Data    RW Data    ZI Data      Debug   

     16614       1564        310        540       2116     325106   Grand Totals
     16614       1564        310        140       2116     325106   ELF Image Totals (compressed)
     16614       1564        310        140          0          0   ROM Totals

==============================================================================

    Total RO  Size (Code + RO Data)                16924 (  16.53kB)
    Total RW  Size (RW Data + ZI Data)              2656 (   2.59kB)
    Total ROM Size (Code + RO Data + RW Data)      17064 (  16.66kB)

==============================================================================

